A51 MACRO ASSEMBLER  INTERRUPT                                                            12/01/2017 10:18:30 PAGE     1


MACRO ASSEMBLER A51 V8.2.5.0
OBJECT MODULE PLACED IN .\Objects\interrupt.obj
ASSEMBLER INVOKED BY: C:\Keil_8051\C51\BIN\A51.EXE interrupt.asm SET(SMALL) DEBUG PRINT(.\Listings\interrupt.lst) OBJECT
                      (.\Objects\interrupt.obj) EP

LOC  OBJ            LINE     SOURCE

0000                   1     ORG 00H

0000 020030            2                     LJMP MAIN

0003                   3     ORG 0003H

0003 B294              4                     CPL P1.4

0005 113F              5                     ACALL Delay

                       6                     

0007 32                7                     RETI

                       8     

0030                   9     ORG 30H

0030 75A881           10     MAIN:   MOV IE,#81H; ENABLE EINT0

0033 C288             11                     CLR IT0 ; level triggered

0035 D293             12     SETB P1.3

0037 113F             13                     ACALL Delay

0039 C293             14                     CLR P1.3

003B 113F             15                     ACALL Delay

003D 80F1             16                     SJMP MAIN

                      17     

                      18     

003F 7807             19     DELAY:      MOV R0,#07

0041 79FF             20                HERE3:MOV R1,#255

0043 7AFF             21                HERE2:MOV R2,#255

0045 DAFE             22                HERE1:DJNZ R2,HERE1

0047 D9FA             23                      DJNZ R1,HERE2

0049 D8F6             24                      DJNZ R0,HERE3

004B 22               25                RET

                      26     

                      27     END

A51 MACRO ASSEMBLER  INTERRUPT                                                            12/01/2017 10:18:30 PAGE     2

SYMBOL TABLE LISTING
------ ----- -------


N A M E             T Y P E  V A L U E   ATTRIBUTES

DELAY. . . . . . .  C ADDR   003FH   A   
HERE1. . . . . . .  C ADDR   0045H   A   
HERE2. . . . . . .  C ADDR   0043H   A   
HERE3. . . . . . .  C ADDR   0041H   A   
IE . . . . . . . .  D ADDR   00A8H   A   
IT0. . . . . . . .  B ADDR   0088H.0 A   
MAIN . . . . . . .  C ADDR   0030H   A   
P1 . . . . . . . .  D ADDR   0090H   A   


REGISTER BANK(S) USED: 0 


ASSEMBLY COMPLETE.  0 WARNING(S), 0 ERROR(S)
